outside
inside
inside
inside
inside
inside
outside
inside
inside
outside
inside
outside
inside
outside
outside
outside
outside
outside
outside
outside
inside
outside
outside
inside
inside
inside
inside
outside
inside
outside
outside
outside
inside
outside
inside
inside
outside
inside
outside
outside
outside
outside
outside
inside
outside
outside
outside
inside
inside
inside
outside
inside
outside
inside
outside
inside
outside
outside
inside
inside
inside
outside
inside
inside
outside
outside
inside
inside
outside
inside
outside
outside
inside
outside
inside
inside
inside
inside
inside
inside
outside
inside
inside
inside
inside
outside
outside
inside
inside
outside
outside
outside
inside
inside
outside
outside
outside
inside
outside
outside
inside
inside
outside
outside
outside
outside
outside
inside
inside
inside
outside
outside
inside
outside
inside
outside
outside
outside
inside
inside
outside
inside
outside
outside
outside
outside
inside
outside
inside
outside
outside
outside
inside
outside
inside
inside
outside
outside
inside
inside
inside
inside
outside
outside
inside
outside
outside
inside
outside
outside
inside
inside
inside
inside
outside
outside
outside
inside
inside
inside
outside
outside
inside
outside
outside
inside
outside
outside
outside
inside
inside
inside
outside
inside
inside
outside
inside
outside
inside
outside
outside
outside
inside
outside
inside
outside
outside
inside
outside
inside
inside
outside
outside
outside
outside
inside
outside
outside
inside
inside
inside
inside
outside
inside
inside
outside
outside
inside
outside
inside
inside
inside
outside
outside
inside
inside
outside
outside
inside
outside
inside
outside
inside
outside
outside
outside
outside
inside
outside
inside
outside
outside
inside
inside
inside
outside
outside
outside
inside
outside
inside
inside
outside
inside
inside
outside
inside
inside
outside
inside
outside
inside
outside
inside
inside
inside
outside
outside
inside
outside
inside
inside
inside
outside
outside
inside
outside
inside
inside
outside
outside
outside
inside
inside
inside
inside
outside
outside
outside
outside
outside
outside
outside
inside
inside
outside
outside
outside
inside
outside
inside
outside
inside
outside
inside
outside
outside
outside
outside
outside
inside
inside
outside
inside
outside
outside
inside
outside
inside
inside
inside
outside
outside
inside
outside
outside
inside
inside
outside
outside
outside
inside
inside
inside
inside
outside
inside
outside
inside
outside
inside
outside
outside
inside
inside
inside
outside
inside
inside
outside
inside
outside
inside
inside
inside
outside
inside
inside
outside
inside
inside
inside
outside
outside
outside
outside
inside
inside
outside
inside
inside
outside
outside
inside
inside
outside
outside
outside
inside
outside
inside
outside
inside
inside
inside
outside
outside
inside
inside
inside
outside
outside
inside
inside
inside
inside
inside
outside
inside
outside
outside
inside
outside
inside
inside
outside
outside
inside
inside
inside
outside
outside
inside
outside
outside
outside
inside
inside
outside
inside
inside
outside
outside
outside
outside
outside
outside
inside
outside
inside
inside
inside
inside
outside
outside
inside
outside
outside
inside
inside
inside
inside
outside
inside
outside
outside
inside
outside
inside
outside
outside
inside
outside
outside
outside
outside
inside
inside
inside
outside
outside
inside
outside
inside
outside
outside
inside
inside
inside
inside
inside
inside
inside
inside
outside
outside
outside
outside
outside
outside
inside
outside
inside
outside
inside
inside
outside
inside
inside
inside
outside
outside
outside
outside
inside
inside
outside
inside
outside
outside
outside
outside
inside
inside
inside
inside
outside
inside
outside
outside
outside
outside
inside
inside
outside
inside
inside
outside
inside
outside
inside
outside
outside
outside
outside
outside
outside
inside
outside
inside
outside
inside
outside
outside
outside
inside
inside
inside
outside
outside
outside
outside
outside
outside
inside
inside
outside
inside
inside
inside
outside
inside
inside
inside
inside
outside
outside
outside
outside
inside
outside
inside
inside
outside
inside
outside
outside
inside
inside
outside
inside
inside
inside
inside
inside
outside
outside
outside
inside
outside
outside
outside
outside
inside
inside
inside
inside
inside
outside
outside
outside
inside
outside
inside
inside
inside
outside
outside
outside
outside
inside
outside
inside
inside
outside
inside
inside
inside
inside
outside
inside
outside
outside
outside
inside
inside
outside
inside
inside
outside
outside
inside
outside
inside
inside
inside
outside
inside
outside
outside
inside
inside
inside
outside
inside
inside
inside
inside
inside
outside
inside
inside
inside
outside
inside
outside
inside
inside
inside
outside
outside
inside
inside
inside
outside
inside
outside
outside
inside
outside
inside
outside
inside
inside
inside
outside
inside
inside
outside
outside
inside
inside
inside
inside
outside
inside
inside
outside
inside
inside
inside
outside
outside
outside
inside
inside
outside
inside
inside
inside
outside
outside
outside
outside
inside
outside
outside
inside
outside
outside
outside
inside
outside
inside
outside
outside
inside
outside
inside
outside
inside
outside
inside
outside
outside
inside
outside
outside
outside
outside
outside
inside
inside
outside
inside
outside
inside
inside
outside
inside
inside
inside
outside
outside
outside
inside
inside
inside
inside
inside
outside
outside
outside
inside
outside
outside
outside
outside
inside
inside
inside
outside
outside
inside
inside
outside
outside
inside
inside
outside
outside
inside
outside
inside
outside
inside
inside
inside
inside
outside
outside
outside
outside
outside
inside
inside
inside
outside
inside
outside
outside
outside
outside
inside
outside
outside
outside
inside
outside
outside
outside
outside
outside
outside
outside
outside
inside
outside
outside
inside
inside
inside
inside
inside
outside
outside
outside
outside
inside
inside
inside
outside
inside
outside
inside
inside
inside
inside
outside
inside
outside
outside
outside
outside
outside
inside
inside
inside
outside
inside
inside
outside
outside
inside
outside
inside
inside
outside
outside
inside
inside
outside
outside
outside
inside
outside
outside
outside
outside
inside
inside
outside
inside
outside
inside
outside
outside
outside
inside
outside
inside
outside
outside
inside
inside
outside
outside
inside
inside
inside
outside
inside
outside
inside
outside
outside
outside
outside
outside
outside
outside
outside
inside
outside
outside
inside
outside
outside
inside
outside
inside
inside
outside
outside
outside
inside
outside
inside
outside
outside
inside
inside
outside
inside
outside
outside
outside
outside
outside
outside
inside
inside
outside
inside
outside
inside
inside
outside
inside
outside
outside
outside
inside
inside
inside
outside
outside
inside
inside
outside
inside
inside
inside
inside
outside
outside
outside
inside
inside
inside
outside
inside
outside
inside
outside
inside
inside
inside
outside
inside
outside
inside
outside
inside
outside
inside
inside
inside
inside
inside
inside
inside
outside
outside
outside
outside
outside
inside
outside
inside
inside
outside
outside
inside
inside
outside
outside
outside
outside
outside
inside
inside
inside
outside
inside
inside
inside
outside
outside
inside
outside
inside
inside
outside
outside
inside
outside
outside
outside
inside
outside
outside
inside
outside
inside
outside
inside
inside
inside
outside
